# command : python -u coefficients/cert_Ht.py 1.75
# env     : (COEFF_DATA, COEFF_EXTRA, NGL, NSUB not set)
# date    : 2026-10-07T22:04:15Z
# system  : Linux x86_64, 1 visible cores
# python  : 3.10.12 | python-flint 0.9.0 | mpmath 1.3.0
cert_Ht.py t=1.7500000000000000000000000000000000000000000000 eta1=1.0000000000000000000000000000000000000000000000 eta2=8.0000000000000000000000000000000000000000000000 eps=[1.0000000000000000000000000000000000000000000000e-8 +/- 1.02e-56] XP=2000 prec=160
input hashes: script 6be8f92c984d0357 ; an_small_X1e4.json 9858457072c991f3
   tighter small-n balls from an_smalln_X3e5.json aacbbba6df55c35d (X = 300000)
   tighter n<=2 balls from an_smalln_X6e5.json 963ef3cf0adef433 (X = 600000)
   a_1 = [4581.3706 +/- 7.35e-5] ; alpha_1 = [-55336.17835 +/- 6.99e-6]
Q(1) = [-0.035813741515684323323 +/- 1.13e-22]
Pint_s = [0.002234105473 +/- 3.80e-13] + [-0.000765884540 +/- 3.95e-13]j   (quadrature: [0.00223410549366312 +/- 3.82e-18] + [-0.000765885317841731 +/- 4.63e-19]j ; tail main [-2.0681e-11 +/- 1.02e-16] + [7.7781e-10 +/- 1.64e-15]j ; err [3.61e-13 +/- 4.24e-16])  (0s)
J_low = [0.003917310 +/- 7.18e-10] + [0.007339330 +/- 2.42e-10]j  (quadrature [0.003917310 +/- 7.18e-10] + [0.007339330 +/- 2.42e-10]j ; [0,eps] bound [3.13e-14 +/- 9.54e-18])  (54s)
J_high = [-0.005986428 +/- 4.71e-10] + [-0.001344333 +/- 2.62e-10]j  (quadrature [-0.005986428 +/- 4.71e-10] + [-0.001344333 +/- 2.62e-10]j ; [eta2,oo) bound [3.47e-20 +/- 3.61e-24])  (88s)

2 pi M(s) = [0.000164987 +/- 7.16e-10] + [0.005229112 +/- 6.07e-10]j
DECISIVE: H_raw(t=1.7500) = [0.001220045 +/- 4.08e-10] + [+/- 1.41e-10]j   (imag part should contain 0: True)
          H(t) = C H_raw(t), C from H0_cert.json (sha 1723e5decb953dc6) = [880.66 +/- 3.16e-3]:  [1.07445 +/- 4.62e-6]
mid +- rad: Re H_raw(t) = 0.0012200453272780910896 +- 8.008e-11 ; Im = 1.8708e-15 +- 1.405e-10
total 88s
# exit code 0; wall time 88.5 s
