# command : python -u coefficients/cert_Ht.py 0.25
# env     : (COEFF_DATA, COEFF_EXTRA, NGL, NSUB not set)
# date    : 2026-10-07T22:04:15Z
# system  : Linux x86_64, 1 visible cores
# python  : 3.10.12 | python-flint 0.9.0 | mpmath 1.3.0
cert_Ht.py t=0.25000000000000000000000000000000000000000000000 eta1=1.0000000000000000000000000000000000000000000000 eta2=8.0000000000000000000000000000000000000000000000 eps=[1.0000000000000000000000000000000000000000000000e-8 +/- 1.02e-56] XP=2000 prec=160
input hashes: script 6be8f92c984d0357 ; an_small_X1e4.json 9858457072c991f3
   tighter small-n balls from an_smalln_X3e5.json aacbbba6df55c35d (X = 300000)
   tighter n<=2 balls from an_smalln_X6e5.json 963ef3cf0adef433 (X = 600000)
   a_1 = [4581.3706 +/- 7.35e-5] ; alpha_1 = [-55336.17835 +/- 6.99e-6]
Q(1) = [0.071279336120269698253 +/- 2.00e-22]
Pint_s = [0.003400137625 +/- 4.53e-13] + [-0.000201783636 +/- 7.54e-13]j   (quadrature: [0.00340013818461676 +/- 1.36e-18] + [-0.000201784673544643 +/- 1.16e-20]j ; tail main [-5.5978e-10 +/- 1.81e-16] + [1.0380e-9 +/- 8.23e-15]j ; err [2.89e-13 +/- 4.38e-16])  (0s)
J_low = [-0.014295984 +/- 9.65e-10] + [0.004654164 +/- 3.26e-10]j  (quadrature [-0.014295984 +/- 9.65e-10] + [0.004654164 +/- 3.26e-10]j ; [0,eps] bound [3.13e-14 +/- 9.54e-18])  (54s)
J_high = [0.011197321 +/- 6.00e-10] + [-0.005422445 +/- 4.48e-10]j  (quadrature [0.011197321 +/- 6.00e-10] + [-0.005422445 +/- 4.48e-10]j ; [eta2,oo) bound [3.47e-20 +/- 3.61e-24])  (88s)

2 pi M(s) = [0.00030147 +/- 6.03e-9] + [-0.000970064 +/- 9.17e-10]j
DECISIVE: H_raw(t=0.25000) = [0.00113717 +/- 2.87e-9] + [+/- 1.48e-9]j   (imag part should contain 0: True)
          H(t) = C H_raw(t), C from H0_cert.json (sha 1723e5decb953dc6) = [880.66 +/- 3.16e-3]:  [1.00146 +/- 2.91e-6]
mid +- rad: Re H_raw(t) = 0.0011371681054579722374 +- 9.700e-10 ; Im = 1.8002e-13 +- 1.472e-09
total 88s
# exit code 0; wall time 88.5 s
