# command : python -u coefficients/cert_Ht.py 4.25
# env     : (COEFF_DATA, COEFF_EXTRA, NGL, NSUB not set)
# date    : 2026-10-07T22:05:44Z
# system  : Linux x86_64, 1 visible cores
# python  : 3.10.12 | python-flint 0.9.0 | mpmath 1.3.0
cert_Ht.py t=4.2500000000000000000000000000000000000000000000 eta1=1.0000000000000000000000000000000000000000000000 eta2=8.0000000000000000000000000000000000000000000000 eps=[1.0000000000000000000000000000000000000000000000e-8 +/- 1.02e-56] XP=2000 prec=160
input hashes: script 6be8f92c984d0357 ; an_small_X1e4.json 9858457072c991f3
   tighter small-n balls from an_smalln_X3e5.json aacbbba6df55c35d (X = 300000)
   tighter n<=2 balls from an_smalln_X6e5.json 963ef3cf0adef433 (X = 600000)
   a_1 = [4581.3706 +/- 7.35e-5] ; alpha_1 = [-55336.17835 +/- 6.99e-6]
Q(1) = [0.0019440683120150617470 +/- 1.63e-23]
Pint_s = [0.00080765819 +/- 4.96e-12] + [-0.000140842239 +/- 5.78e-13]j   (quadrature: [0.000807658393066774 +/- 1.54e-19] + [-0.000140842578598441 +/- 4.04e-20]j ; tail main [-2.0752e-10 +/- 2.82e-15] + [3.3952e-10 +/- 2.53e-15]j ; err [5.02e-13 +/- 1.87e-16])  (0s)
J_low = [0.0012858546 +/- 5.74e-11] + [-0.0013667304 +/- 7.85e-11]j  (quadrature [0.0012858546 +/- 5.74e-11] + [-0.0013667304 +/- 7.85e-11]j ; [0,eps] bound [3.13e-14 +/- 9.54e-18])  (56s)
J_high = [0.0005104092 +/- 5.15e-11] + [0.0003945170 +/- 3.72e-11]j  (quadrature [0.0005104092 +/- 5.15e-11] + [0.0003945170 +/- 3.72e-11]j ; [eta2,oo) bound [3.47e-20 +/- 3.61e-24])  (92s)

2 pi M(s) = [0.0026039221 +/- 7.37e-11] + [-0.001113056 +/- 4.54e-10]j
DECISIVE: H_raw(t=4.2500) = [0.0017468857 +/- 5.65e-11] + [+/- 5.49e-11]j   (imag part should contain 0: True)
          H(t) = C H_raw(t), C from H0_cert.json (sha 1723e5decb953dc6) = [880.66 +/- 3.16e-3]:  [1.53842 +/- 7.21e-6]
mid +- rad: Re H_raw(t) = 0.0017468856828629023274 +- 3.934e-11 ; Im = -1.9404e-16 +- 5.489e-11
total 92s
# exit code 0; wall time 92.6 s
