# command : python -u coefficients/cert_Ht.py 2.25
# env     : (COEFF_DATA, COEFF_EXTRA, NGL, NSUB not set)
# date    : 2026-10-07T22:04:15Z
# system  : Linux x86_64, 1 visible cores
# python  : 3.10.12 | python-flint 0.9.0 | mpmath 1.3.0
cert_Ht.py t=2.2500000000000000000000000000000000000000000000 eta1=1.0000000000000000000000000000000000000000000000 eta2=8.0000000000000000000000000000000000000000000000 eps=[1.0000000000000000000000000000000000000000000000e-8 +/- 1.02e-56] XP=2000 prec=160
input hashes: script 6be8f92c984d0357 ; an_small_X1e4.json 9858457072c991f3
   tighter small-n balls from an_smalln_X3e5.json aacbbba6df55c35d (X = 300000)
   tighter n<=2 balls from an_smalln_X6e5.json 963ef3cf0adef433 (X = 600000)
   a_1 = [4581.3706 +/- 7.35e-5] ; alpha_1 = [-55336.17835 +/- 6.99e-6]
Q(1) = [-0.027843775607691986544 +/- 3.58e-22]
Pint_s = [0.001821288704 +/- 8.77e-13] + [-0.000688565680 +/- 6.68e-13]j   (quadrature: [0.00182128822497079 +/- 2.01e-18] + [-0.000688565220561853 +/- 1.11e-19]j ; tail main [4.7854e-10 +/- 1.90e-15] + [-4.5916e-10 +/- 1.19e-16]j ; err [3.89e-13 +/- 1.02e-16])  (0s)
J_low = [0.005124318 +/- 7.06e-10] + [0.0034347978 +/- 4.22e-11]j  (quadrature [0.005124318 +/- 7.06e-10] + [0.0034347978 +/- 4.22e-11]j ; [0,eps] bound [3.13e-14 +/- 9.54e-18])  (54s)
J_high = [-0.003712890 +/- 3.54e-10] + [0.0018395122 +/- 8.99e-11]j  (quadrature [-0.003712890 +/- 3.54e-10] + [0.0018395122 +/- 8.99e-11]j ; [eta2,oo) bound [3.47e-20 +/- 3.61e-24])  (88s)

2 pi M(s) = [0.003232717 +/- 5.01e-10] + [0.004585744 +/- 4.04e-10]j
DECISIVE: H_raw(t=2.2500) = [0.001279019 +/- 5.00e-10] + [+/- 9.92e-11]j   (imag part should contain 0: True)
          H(t) = C H_raw(t), C from H0_cert.json (sha 1723e5decb953dc6) = [880.66 +/- 3.16e-3]:  [1.12638 +/- 4.61e-6]
mid +- rad: Re H_raw(t) = 0.0012790185798754574776 +- 7.920e-11 ; Im = 1.0174e-16 +- 9.918e-11
total 88s
# exit code 0; wall time 88.4 s
