# command : python -u coefficients/cert_Ht.py 2.75
# env     : (COEFF_DATA, COEFF_EXTRA, NGL, NSUB not set)
# date    : 2026-10-07T22:04:15Z
# system  : Linux x86_64, 1 visible cores
# python  : 3.10.12 | python-flint 0.9.0 | mpmath 1.3.0
cert_Ht.py t=2.7500000000000000000000000000000000000000000000 eta1=1.0000000000000000000000000000000000000000000000 eta2=8.0000000000000000000000000000000000000000000000 eps=[1.0000000000000000000000000000000000000000000000e-8 +/- 1.02e-56] XP=2000 prec=160
input hashes: script 6be8f92c984d0357 ; an_small_X1e4.json 9858457072c991f3
   tighter small-n balls from an_smalln_X3e5.json aacbbba6df55c35d (X = 300000)
   tighter n<=2 balls from an_smalln_X6e5.json 963ef3cf0adef433 (X = 600000)
   a_1 = [4581.3706 +/- 7.35e-5] ; alpha_1 = [-55336.17835 +/- 6.99e-6]
Q(1) = [-0.014684724721088073388 +/- 2.71e-22]
Pint_s = [0.001479897795 +/- 4.68e-13] + [-0.000555622234 +/- 4.29e-13]j   (quadrature: [0.00147989836737863 +/- 1.66e-19] + [-0.000555622243845481 +/- 3.34e-19]j ; tail main [-5.7243e-10 +/- 1.39e-15] + [9.8566e-12 +/- 4.56e-18]j ; err [4.17e-13 +/- 8.52e-17])  (0s)
J_low = [0.004477604 +/- 6.68e-10] + [0.000696144 +/- 3.03e-10]j  (quadrature [0.004477604 +/- 6.68e-10] + [0.000696144 +/- 3.03e-10]j ; [0,eps] bound [3.13e-14 +/- 9.54e-18])  (55s)
J_high = [-0.001299616 +/- 1.19e-10] + [0.002349798 +/- 4.46e-10]j  (quadrature [-0.001299616 +/- 1.19e-10] + [0.002349798 +/- 4.46e-10]j ; [eta2,oo) bound [3.47e-20 +/- 3.61e-24])  (91s)

2 pi M(s) = [0.004657886 +/- 5.82e-10] + [0.002490320 +/- 5.45e-10]j
DECISIVE: H_raw(t=2.7500) = [0.001357191 +/- 1.17e-10] + [+/- 7.26e-11]j   (imag part should contain 0: True)
          H(t) = C H_raw(t), C from H0_cert.json (sha 1723e5decb953dc6) = [880.66 +/- 3.16e-3]:  [1.19523 +/- 5.84e-6]
mid +- rad: Re H_raw(t) = 0.0013571910369985642972 +- 7.925e-11 ; Im = -8.3367e-17 +- 7.258e-11
total 91s
# exit code 0; wall time 90.9 s
