# command : python -u coefficients/cert_Ht.py 0
# env     : (COEFF_DATA, COEFF_EXTRA, NGL, NSUB not set)
# date    : 2026-10-07T22:04:15Z
# system  : Linux x86_64, 1 visible cores
# python  : 3.10.12 | python-flint 0.9.0 | mpmath 1.3.0
cert_Ht.py t=0 eta1=1.0000000000000000000000000000000000000000000000 eta2=8.0000000000000000000000000000000000000000000000 eps=[1.0000000000000000000000000000000000000000000000e-8 +/- 1.02e-56] XP=2000 prec=160
input hashes: script 6be8f92c984d0357 ; an_small_X1e4.json 9858457072c991f3
   tighter small-n balls from an_smalln_X3e5.json aacbbba6df55c35d (X = 300000)
   tighter n<=2 balls from an_smalln_X6e5.json 963ef3cf0adef433 (X = 600000)
   a_1 = [4581.3706 +/- 7.35e-5] ; alpha_1 = [-55336.17835 +/- 6.99e-6]
Q(1) = [0.079060414424450298044 +/- 3.09e-22]
Pint_s = [0.003438015894 +/- 5.85e-13] + [+/- 2.87e-13]j   (quadrature: [0.00343801469870262 +/- 6.07e-19] ; tail main [1.1956e-9 +/- 4.48e-15] ; err [2.86e-13 +/- 6.87e-17])  (0s)
J_low = [-0.015264254 +/- 8.27e-10] + [+/- 3.14e-14]j  (quadrature [-0.015264254 +/- 8.27e-10] + [+/- 1.38e-19]j ; [0,eps] bound [3.13e-14 +/- 9.54e-18])  (53s)
J_high = [0.012652995 +/- 9.58e-10] + [+/- 3.48e-20]j  (quadrature [0.012652995 +/- 9.58e-10] + [+/- 3.23e-24]j ; [eta2,oo) bound [3.47e-20 +/- 3.61e-24])  (88s)

2 pi M(s) = [0.00082676 +/- 4.14e-9] + [+/- 3.18e-13]j
DECISIVE: H_raw(t=0) = [0.00113551 +/- 2.07e-9] + [+/- 4.36e-13]j   (imag part should contain 0: True)
          H(t) = C H_raw(t), C from H0_cert.json (sha 1723e5decb953dc6) = [880.66 +/- 3.16e-3]:  [1.0000 +/- 3.27e-6]
mid +- rad: Re H_raw(t) = 0.0011355097904015565291 +- 1.854e-09 ; Im = 0 +- 4.359e-13
total 88s
# exit code 0; wall time 88.2 s
