# command : python -u coefficients/cert_Ht.py 3.75
# env     : (COEFF_DATA, COEFF_EXTRA, NGL, NSUB not set)
# date    : 2026-10-07T22:05:44Z
# system  : Linux x86_64, 1 visible cores
# python  : 3.10.12 | python-flint 0.9.0 | mpmath 1.3.0
cert_Ht.py t=3.7500000000000000000000000000000000000000000000 eta1=1.0000000000000000000000000000000000000000000000 eta2=8.0000000000000000000000000000000000000000000000 eps=[1.0000000000000000000000000000000000000000000000e-8 +/- 1.02e-56] XP=2000 prec=160
input hashes: script 6be8f92c984d0357 ; an_small_X1e4.json 9858457072c991f3
   tighter small-n balls from an_smalln_X3e5.json aacbbba6df55c35d (X = 300000)
   tighter n<=2 balls from an_smalln_X6e5.json 963ef3cf0adef433 (X = 600000)
   a_1 = [4581.3706 +/- 7.35e-5] ; alpha_1 = [-55336.17835 +/- 6.99e-6]
Q(1) = [9.9478497368037378842e-5 +/- 4.39e-25]
Pint_s = [0.000986589650 +/- 8.89e-13] + [-0.000264943138 +/- 5.14e-13]j   (quadrature: [0.000986589717409202 +/- 3.18e-19] + [-0.000264942699090466 +/- 4.48e-20]j ; tail main [-6.6995e-11 +/- 3.36e-16] + [-4.3895e-10 +/- 6.13e-17]j ; err [4.73e-13 +/- 4.92e-16])  (0s)
J_low = [0.0021224203 +/- 6.23e-11] + [-0.001301138 +/- 4.46e-10]j  (quadrature [0.0021224203 +/- 6.23e-11] + [-0.001301138 +/- 4.46e-10]j ; [0,eps] bound [3.13e-14 +/- 9.54e-18])  (56s)
J_high = [0.0005046369 +/- 4.54e-11] + [0.0009215606 +/- 6.59e-11]j  (quadrature [0.0005046369 +/- 4.54e-11] + [0.0009215606 +/- 6.59e-11]j ; [eta2,oo) bound [3.47e-20 +/- 3.61e-24])  (92s)

2 pi M(s) = [0.0036136468 +/- 8.33e-11] + [-0.000644521 +/- 2.13e-10]j
DECISIVE: H_raw(t=3.7500) = [0.0015858479 +/- 4.02e-11] + [+/- 5.91e-11]j   (imag part should contain 0: True)
          H(t) = C H_raw(t), C from H0_cert.json (sha 1723e5decb953dc6) = [880.66 +/- 3.16e-3]:  [1.39660 +/- 6.79e-6]
mid +- rad: Re H_raw(t) = 0.0015858478874287697415 +- 2.760e-11 ; Im = 1.9586e-16 +- 5.902e-11
total 92s
# exit code 0; wall time 91.8 s
