# command : python -u coefficients/cert_Ht.py 6.25
# env     : (COEFF_DATA, COEFF_EXTRA, NGL, NSUB not set)
# date    : 2026-10-07T22:05:44Z
# system  : Linux x86_64, 1 visible cores
# python  : 3.10.12 | python-flint 0.9.0 | mpmath 1.3.0
cert_Ht.py t=6.2500000000000000000000000000000000000000000000 eta1=1.0000000000000000000000000000000000000000000000 eta2=8.0000000000000000000000000000000000000000000000 eps=[1.0000000000000000000000000000000000000000000000e-8 +/- 1.02e-56] XP=2000 prec=160
input hashes: script 6be8f92c984d0357 ; an_small_X1e4.json 9858457072c991f3
   tighter small-n balls from an_smalln_X3e5.json aacbbba6df55c35d (X = 300000)
   tighter n<=2 balls from an_smalln_X6e5.json 963ef3cf0adef433 (X = 600000)
   a_1 = [4581.3706 +/- 7.35e-5] ; alpha_1 = [-55336.17835 +/- 6.99e-6]
Q(1) = [0.00090159837132720353483 +/- 3.24e-24]
Pint_s = [0.000322277323 +/- 6.33e-13] + [0.000142746496 +/- 9.12e-13]j   (quadrature: [0.000322277282367980 +/- 3.64e-19] + [0.000142746771746524 +/- 6.33e-20]j ; tail main [4.0649e-11 +/- 5.17e-17] + [-2.7604e-10 +/- 2.80e-15]j ; err [6.15e-13 +/- 4.52e-16])  (0s)
J_low = [0.0001520060 +/- 4.08e-11] + [-0.0006468493 +/- 2.94e-11]j  (quadrature [0.0001520060 +/- 4.07e-11] + [-0.0006468493 +/- 2.94e-11]j ; [0,eps] bound [3.13e-14 +/- 9.54e-18])  (57s)
J_high = [7.890106e-5 +/- 6.57e-12] + [-4.164767e-5 +/- 4.58e-12]j  (quadrature [7.890106e-5 +/- 6.57e-12] + [-4.164767e-5 +/- 4.58e-12]j ; [eta2,oo) bound [3.47e-20 +/- 3.61e-24])  (93s)

2 pi M(s) = [0.0005531843 +/- 6.33e-11] + [-0.0005457505 +/- 1.63e-11]j
DECISIVE: H_raw(t=6.2500) = [0.002924659 +/- 2.12e-10] + [+/- 6.27e-11]j   (imag part should contain 0: True)
          H(t) = C H_raw(t), C from H0_cert.json (sha 1723e5decb953dc6) = [880.66 +/- 3.16e-3]:  [2.57564 +/- 9.19e-6]
mid +- rad: Re H_raw(t) = 0.0029246588516730442524 +- 6.278e-11 ; Im = 9.5101e-16 +- 6.262e-11
total 93s
# exit code 0; wall time 93.1 s
