# command : python -u coefficients/cert_Ht.py 39.75
# env     : (COEFF_DATA, COEFF_EXTRA, NGL, NSUB not set)
# date    : 2026-10-07T22:07:17Z
# system  : Linux x86_64, 1 visible cores
# python  : 3.10.12 | python-flint 0.9.0 | mpmath 1.3.0
cert_Ht.py t=39.750000000000000000000000000000000000000000000 eta1=1.0000000000000000000000000000000000000000000000 eta2=8.0000000000000000000000000000000000000000000000 eps=[1.0000000000000000000000000000000000000000000000e-8 +/- 1.02e-56] XP=2000 prec=160
input hashes: script 6be8f92c984d0357 ; an_small_X1e4.json 9858457072c991f3
   tighter small-n balls from an_smalln_X3e5.json aacbbba6df55c35d (X = 300000)
   tighter n<=2 balls from an_smalln_X6e5.json 963ef3cf0adef433 (X = 600000)
   a_1 = [4581.3706 +/- 7.35e-5] ; alpha_1 = [-55336.17835 +/- 6.99e-6]
Q(1) = [-1.3500724507671300889e-15 +/- 4.96e-35]
Pint_s = [-5.8464e-7 +/- 3.00e-12] + [-2.18203e-6 +/- 5.61e-12]j   (quadrature: [-5.84618642697500e-7 +/- 3.25e-23] + [-2.18207252817755e-6 +/- 4.93e-21]j ; tail main [-2.1823e-11 +/- 4.15e-16] + [3.9451e-11 +/- 3.26e-16]j ; err [2.53e-12 +/- 3.14e-15])  (0s)
J_low = [5.846416e-7 +/- 3.59e-14] + [2.1820389e-6 +/- 3.72e-14]j  (quadrature [5.846416045024e-7 +/- 6.06e-20] + [2.1820389058228e-6 +/- 8.06e-20]j ; [0,eps] bound [3.13e-14 +/- 9.54e-18])  (70s)
J_high = [-1.43e-17 +/- 3.53e-20] + [1.20e-17 +/- 6.93e-20]j  (quadrature [-1.429950e-17 +/- 5.67e-24] + [1.203455e-17 +/- 2.40e-24]j ; [eta2,oo) bound [3.47e-20 +/- 3.61e-24])  (100s)

2 pi M(s) = [+/- 3.70e-12] + [+/- 8.39e-12]j
DECISIVE: H_raw(t=39.750) = [+/- 3.76e+9] + [+/- 1.26e+9]j   (imag part should contain 0: True)
          H(t) = C H_raw(t), C from H0_cert.json (sha 1723e5decb953dc6) = [880.66 +/- 3.16e-3]:  [+/- 3.31e+12]
mid +- rad: Re H_raw(t) = 2492516819.6922000194 +- 1.260e+09 ; Im = -1.5024e+5 +- 1.260e+09
total 100s
# exit code 0; wall time 99.7 s
