# command : python -u coefficients/cert_Ht.py 5.75
# env     : (COEFF_DATA, COEFF_EXTRA, NGL, NSUB not set)
# date    : 2026-10-07T22:05:44Z
# system  : Linux x86_64, 1 visible cores
# python  : 3.10.12 | python-flint 0.9.0 | mpmath 1.3.0
cert_Ht.py t=5.7500000000000000000000000000000000000000000000 eta1=1.0000000000000000000000000000000000000000000000 eta2=8.0000000000000000000000000000000000000000000000 eps=[1.0000000000000000000000000000000000000000000000e-8 +/- 1.02e-56] XP=2000 prec=160
input hashes: script 6be8f92c984d0357 ; an_small_X1e4.json 9858457072c991f3
   tighter small-n balls from an_smalln_X3e5.json aacbbba6df55c35d (X = 300000)
   tighter n<=2 balls from an_smalln_X6e5.json 963ef3cf0adef433 (X = 600000)
   a_1 = [4581.3706 +/- 7.35e-5] ; alpha_1 = [-55336.17835 +/- 6.99e-6]
Q(1) = [0.0013178556447977137813 +/- 2.26e-23]
Pint_s = [0.000419847734 +/- 8.79e-13] + [0.000101793100 +/- 9.15e-13]j   (quadrature: [0.000419847581128268 +/- 3.27e-19] + [0.000101792839631972 +/- 9.85e-20]j ; tail main [1.5316e-10 +/- 3.18e-15] + [2.6004e-10 +/- 3.00e-16]j ; err [5.87e-13 +/- 7.15e-18])  (0s)
J_low = [0.0002406943 +/- 2.33e-11] + [-0.0008170912 +/- 3.40e-11]j  (quadrature [0.0002406943 +/- 2.32e-11] + [-0.0008170912 +/- 3.40e-11]j ; [0,eps] bound [3.13e-14 +/- 9.54e-18])  (57s)
J_high = [0.0001410147 +/- 3.07e-11] + [-3.871998e-5 +/- 4.00e-12]j  (quadrature [0.0001410147 +/- 3.07e-11] + [-3.871998e-5 +/- 4.00e-12]j ; [eta2,oo) bound [3.47e-20 +/- 3.61e-24])  (92s)

2 pi M(s) = [0.0008015567 +/- 2.02e-11] + [-0.0007540181 +/- 1.56e-11]j
DECISIVE: H_raw(t=5.7500) = [0.0025217537 +/- 8.30e-11] + [+/- 5.70e-11]j   (imag part should contain 0: True)
          H(t) = C H_raw(t), C from H0_cert.json (sha 1723e5decb953dc6) = [880.66 +/- 3.16e-3]:  [2.22081 +/- 5.65e-6]
mid +- rad: Re H_raw(t) = 0.0025217537256694562387 +- 5.733e-11 ; Im = -8.5969e-16 +- 5.692e-11
total 92s
# exit code 0; wall time 92.4 s
