# command : python -u coefficients/cert_Ht.py 6.75
# env     : (COEFF_DATA, COEFF_EXTRA, NGL, NSUB not set)
# date    : 2026-10-07T22:05:46Z
# system  : Linux x86_64, 1 visible cores
# python  : 3.10.12 | python-flint 0.9.0 | mpmath 1.3.0
cert_Ht.py t=6.7500000000000000000000000000000000000000000000 eta1=1.0000000000000000000000000000000000000000000000 eta2=8.0000000000000000000000000000000000000000000000 eps=[1.0000000000000000000000000000000000000000000000e-8 +/- 1.02e-56] XP=2000 prec=160
input hashes: script 6be8f92c984d0357 ; an_small_X1e4.json 9858457072c991f3
   tighter small-n balls from an_smalln_X3e5.json aacbbba6df55c35d (X = 300000)
   tighter n<=2 balls from an_smalln_X6e5.json 963ef3cf0adef433 (X = 600000)
   a_1 = [4581.3706 +/- 7.35e-5] ; alpha_1 = [-55336.17835 +/- 6.99e-6]
Q(1) = [0.00059539695190055498647 +/- 2.93e-24]
Pint_s = [0.000236258794 +/- 6.69e-13] + [0.00016702315 +/- 1.17e-12]j   (quadrature: [0.000236258983998573 +/- 3.95e-19] + [0.000167022972901593 +/- 1.28e-19]j ; tail main [-1.8997e-10 +/- 3.73e-15] + [1.7657e-10 +/- 3.38e-15]j ; err [6.44e-13 +/- 9.02e-17])  (0s)
J_low = [0.0001140439 +/- 5.09e-11] + [-0.00050898709 +/- 6.11e-12]j  (quadrature [0.0001140439 +/- 5.09e-11] + [-0.00050898709 +/- 6.08e-12]j ; [0,eps] bound [3.13e-14 +/- 9.54e-18])  (58s)
J_high = [4.300533e-5 +/- 5.18e-12] + [-3.357451e-5 +/- 1.46e-12]j  (quadrature [4.300533e-5 +/- 5.18e-12] + [-3.357451e-5 +/- 1.46e-12]j ; [eta2,oo) bound [3.47e-20 +/- 3.61e-24])  (94s)

2 pi M(s) = [0.0003933080 +/- 3.27e-11] + [-0.00037553845 +/- 8.73e-12]j
DECISIVE: H_raw(t=6.7500) = [0.003435979 +/- 3.51e-10] + [+/- 7.14e-11]j   (imag part should contain 0: True)
          H(t) = C H_raw(t), C from H0_cert.json (sha 1723e5decb953dc6) = [880.66 +/- 3.16e-3]:  [3.0259 +/- 4.05e-5]
mid +- rad: Re H_raw(t) = 0.0034359792782022964706 +- 7.208e-11 ; Im = -1.6336e-16 +- 7.134e-11
total 94s
# exit code 0; wall time 93.7 s
