# command : python -u coefficients/cert_Ht.py 4.75
# env     : (COEFF_DATA, COEFF_EXTRA, NGL, NSUB not set)
# date    : 2026-10-07T22:05:45Z
# system  : Linux x86_64, 1 visible cores
# python  : 3.10.12 | python-flint 0.9.0 | mpmath 1.3.0
cert_Ht.py t=4.7500000000000000000000000000000000000000000000 eta1=1.0000000000000000000000000000000000000000000000 eta2=8.0000000000000000000000000000000000000000000000 eps=[1.0000000000000000000000000000000000000000000000e-8 +/- 1.02e-56] XP=2000 prec=160
input hashes: script 6be8f92c984d0357 ; an_small_X1e4.json 9858457072c991f3
   tighter small-n balls from an_smalln_X3e5.json aacbbba6df55c35d (X = 300000)
   tighter n<=2 balls from an_smalln_X6e5.json 963ef3cf0adef433 (X = 600000)
   a_1 = [4581.3706 +/- 7.35e-5] ; alpha_1 = [-55336.17835 +/- 6.99e-6]
Q(1) = [0.0021755311295550144348 +/- 1.81e-23]
Pint_s = [0.000658336428 +/- 8.10e-13] + [-3.8398448e-5 +/- 7.22e-13]j   (quadrature: [0.000658336087664002 +/- 1.81e-19] + [-3.83983311746261e-5 +/- 9.80e-21]j ; tail main [3.4062e-10 +/- 4.37e-15] + [-1.1663e-10 +/- 4.21e-15]j ; err [5.30e-13 +/- 1.81e-16])  (0s)
J_low = [0.0007418574 +/- 4.42e-11] + [-0.0012222548 +/- 7.28e-11]j  (quadrature [0.0007418574 +/- 4.42e-11] + [-0.0012222548 +/- 7.28e-11]j ; [0,eps] bound [3.13e-14 +/- 9.54e-18])  (57s)
J_high = [0.0003762837 +/- 5.77e-11] + [0.0001165993 +/- 5.72e-11]j  (quadrature [0.0003762837 +/- 5.77e-11] + [0.0001165993 +/- 5.72e-11]j ; [eta2,oo) bound [3.47e-20 +/- 3.61e-24])  (93s)

2 pi M(s) = [0.0017764775 +/- 6.98e-11] + [-0.0011440540 +/- 7.82e-11]j
DECISIVE: H_raw(t=4.7500) = [0.0019490030 +/- 5.55e-11] + [+/- 5.29e-11]j   (imag part should contain 0: True)
          H(t) = C H_raw(t), C from H0_cert.json (sha 1723e5decb953dc6) = [880.66 +/- 3.16e-3]:  [1.71641 +/- 5.19e-6]
mid +- rad: Re H_raw(t) = 0.0019490030069292486807 +- 4.855e-11 ; Im = -1.2994e-17 +- 5.288e-11
total 93s
# exit code 0; wall time 93.2 s
