# command : python -u coefficients/cert_Ht.py 3.25
# env     : (COEFF_DATA, COEFF_EXTRA, NGL, NSUB not set)
# date    : 2026-10-07T22:04:15Z
# system  : Linux x86_64, 1 visible cores
# python  : 3.10.12 | python-flint 0.9.0 | mpmath 1.3.0
cert_Ht.py t=3.2500000000000000000000000000000000000000000000 eta1=1.0000000000000000000000000000000000000000000000 eta2=8.0000000000000000000000000000000000000000000000 eps=[1.0000000000000000000000000000000000000000000000e-8 +/- 1.02e-56] XP=2000 prec=160
input hashes: script 6be8f92c984d0357 ; an_small_X1e4.json 9858457072c991f3
   tighter small-n balls from an_smalln_X3e5.json aacbbba6df55c35d (X = 300000)
   tighter n<=2 balls from an_smalln_X6e5.json 963ef3cf0adef433 (X = 600000)
   a_1 = [4581.3706 +/- 7.35e-5] ; alpha_1 = [-55336.17835 +/- 6.99e-6]
Q(1) = [-0.0049533368430825556502 +/- 7.04e-24]
Pint_s = [0.001206102761 +/- 5.10e-13] + [-0.000406813156 +/- 9.30e-13]j   (quadrature: [0.00120610238051505 +/- 2.94e-18] + [-0.000406813482528694 +/- 1.15e-19]j ; tail main [3.8042e-10 +/- 8.28e-16] + [3.2604e-10 +/- 4.67e-15]j ; err [4.45e-13 +/- 2.38e-16])  (0s)
J_low = [0.003256281 +/- 3.32e-10] + [-0.000750207 +/- 5.02e-10]j  (quadrature [0.003256281 +/- 3.32e-10] + [-0.000750207 +/- 5.02e-10]j ; [0,eps] bound [3.13e-14 +/- 9.54e-18])  (54s)
J_high = [5.10594e-5 +/- 5.93e-11] + [0.0016932178 +/- 8.57e-11]j  (quadrature [5.10594e-5 +/- 5.93e-11] + [0.0016932178 +/- 8.57e-11]j ; [eta2,oo) bound [3.47e-20 +/- 3.61e-24])  (90s)

2 pi M(s) = [0.004513443 +/- 5.53e-10] + [0.000536197 +/- 4.28e-10]j
DECISIVE: H_raw(t=3.2500) = [0.0014579542 +/- 3.98e-11] + [+/- 6.18e-11]j   (imag part should contain 0: True)
          H(t) = C H_raw(t), C from H0_cert.json (sha 1723e5decb953dc6) = [880.66 +/- 3.16e-3]:  [1.28396 +/- 6.59e-6]
mid +- rad: Re H_raw(t) = 0.0014579541993671778193 +- 3.915e-11 ; Im = -4.1566e-17 +- 6.171e-11
total 90s
# exit code 0; wall time 90.1 s
