# command : python -u coefficients/cert_Ht.py 15.25
# env     : (COEFF_DATA, COEFF_EXTRA, NGL, NSUB not set)
# date    : 2026-10-07T22:07:18Z
# system  : Linux x86_64, 1 visible cores
# python  : 3.10.12 | python-flint 0.9.0 | mpmath 1.3.0
cert_Ht.py t=15.250000000000000000000000000000000000000000000 eta1=1.0000000000000000000000000000000000000000000000 eta2=8.0000000000000000000000000000000000000000000000 eps=[1.0000000000000000000000000000000000000000000000e-8 +/- 1.02e-56] XP=2000 prec=160
input hashes: script 6be8f92c984d0357 ; an_small_X1e4.json 9858457072c991f3
   tighter small-n balls from an_smalln_X3e5.json aacbbba6df55c35d (X = 300000)
   tighter n<=2 balls from an_smalln_X6e5.json 963ef3cf0adef433 (X = 600000)
   a_1 = [4581.3706 +/- 7.35e-5] ; alpha_1 = [-55336.17835 +/- 6.99e-6]
Q(1) = [-2.9154044793591905316e-8 +/- 2.80e-28]
Pint_s = [2.553902e-5 +/- 4.55e-12] + [5.55572e-6 +/- 6.09e-12]j   (quadrature: [2.55390714766381e-5 +/- 4.40e-20] + [5.55582174845145e-6 +/- 4.16e-21]j ; tail main [-4.8065e-11 +/- 4.00e-17] + [-1.0671e-10 +/- 6.23e-16]j ; err [1.13e-12 +/- 1.45e-15])  (0s)
J_low = [-2.66327619e-5 +/- 9.17e-14] + [-6.3582255e-6 +/- 8.55e-14]j  (quadrature [-2.66327619e-5 +/- 6.04e-14] + [-6.3582255e-6 +/- 5.42e-14]j ; [0,eps] bound [3.13e-14 +/- 9.54e-18])  (63s)
J_high = [1.446812e-8 +/- 3.30e-15] + [1.371315e-8 +/- 5.88e-15]j  (quadrature [1.446812e-8 +/- 3.30e-15] + [1.371315e-8 +/- 5.88e-15]j ; [eta2,oo) bound [3.47e-20 +/- 3.61e-24])  (99s)

2 pi M(s) = [-1.07927e-6 +/- 1.60e-12] + [-7.8880e-7 +/- 3.91e-12]j
DECISIVE: H_raw(t=15.250) = [0.309528 +/- 8.51e-7] + [+/- 3.82e-7]j   (imag part should contain 0: True)
          H(t) = C H_raw(t), C from H0_cert.json (sha 1723e5decb953dc6) = [880.66 +/- 3.16e-3]:  [272.590 +/- 9.09e-4]
mid +- rad: Re H_raw(t) = 0.30952846944849302471 +- 3.812e-07 ; Im = 2.3853e-10 +- 3.813e-07
total 99s
# exit code 0; wall time 98.7 s
