# command : python -u coefficients/cert_Ht.py 10.25
# env     : (COEFF_DATA, COEFF_EXTRA, NGL, NSUB not set)
# date    : 2026-10-07T22:07:16Z
# system  : Linux x86_64, 1 visible cores
# python  : 3.10.12 | python-flint 0.9.0 | mpmath 1.3.0
cert_Ht.py t=10.250000000000000000000000000000000000000000000 eta1=1.0000000000000000000000000000000000000000000000 eta2=8.0000000000000000000000000000000000000000000000 eps=[1.0000000000000000000000000000000000000000000000e-8 +/- 1.02e-56] XP=2000 prec=160
input hashes: script 6be8f92c984d0357 ; an_small_X1e4.json 9858457072c991f3
   tighter small-n balls from an_smalln_X3e5.json aacbbba6df55c35d (X = 300000)
   tighter n<=2 balls from an_smalln_X6e5.json 963ef3cf0adef433 (X = 600000)
   a_1 = [4581.3706 +/- 7.35e-5] ; alpha_1 = [-55336.17835 +/- 6.99e-6]
Q(1) = [3.0580337406120956737e-5 +/- 4.26e-25]
Pint_s = [-6.9610327e-5 +/- 8.89e-13] + [5.273688e-5 +/- 2.11e-12]j   (quadrature: [-6.96102058008799e-5 +/- 3.21e-20] + [5.27370023149530e-5 +/- 3.28e-20]j ; tail main [-1.2124e-10 +/- 4.04e-15] + [-1.2358e-10 +/- 4.72e-15]j ; err [8.43e-13 +/- 3.50e-16])  (0s)
J_low = [0.000108780113 +/- 6.99e-13] + [-4.0114734e-5 +/- 5.78e-13]j  (quadrature [0.000108780113 +/- 6.67e-13] + [-4.0114734e-5 +/- 5.47e-13]j ; [0,eps] bound [3.13e-14 +/- 9.54e-18])  (59s)
J_high = [1.104147e-6 +/- 3.91e-13] + [-1.5535367e-6 +/- 9.82e-14]j  (quadrature [1.104147e-6 +/- 3.91e-13] + [-1.5535367e-6 +/- 9.82e-14]j ; [eta2,oo) bound [3.47e-20 +/- 3.61e-24])  (95s)

2 pi M(s) = [4.027393e-5 +/- 4.35e-12] + [1.106861e-5 +/- 3.20e-12]j
DECISIVE: H_raw(t=10.250) = [0.015037205 +/- 8.23e-10] + [+/- 6.03e-10]j   (imag part should contain 0: True)
          H(t) = C H_raw(t), C from H0_cert.json (sha 1723e5decb953dc6) = [880.66 +/- 3.16e-3]:  [13.2427 +/- 3.13e-5]
mid +- rad: Re H_raw(t) = 0.015037205215125428777 +- 6.077e-10 ; Im = 5.9154e-14 +- 6.025e-10
total 95s
# exit code 0; wall time 94.6 s
