# command : python -u coefficients/cert_Ht.py 7.75
# env     : (COEFF_DATA, COEFF_EXTRA, NGL, NSUB not set)
# date    : 2026-10-07T22:07:15Z
# system  : Linux x86_64, 1 visible cores
# python  : 3.10.12 | python-flint 0.9.0 | mpmath 1.3.0
cert_Ht.py t=7.7500000000000000000000000000000000000000000000 eta1=1.0000000000000000000000000000000000000000000000 eta2=8.0000000000000000000000000000000000000000000000 eps=[1.0000000000000000000000000000000000000000000000e-8 +/- 1.02e-56] XP=2000 prec=160
input hashes: script 6be8f92c984d0357 ; an_small_X1e4.json 9858457072c991f3
   tighter small-n balls from an_smalln_X3e5.json aacbbba6df55c35d (X = 300000)
   tighter n<=2 balls from an_smalln_X6e5.json 963ef3cf0adef433 (X = 600000)
   a_1 = [4581.3706 +/- 7.35e-5] ; alpha_1 = [-55336.17835 +/- 6.99e-6]
Q(1) = [0.00024967426240693874456 +/- 1.98e-24]
Pint_s = [9.593801e-5 +/- 5.28e-12] + [0.00017408873 +/- 3.36e-12]j   (quadrature: [9.59382025485455e-5 +/- 4.44e-20] + [0.000174088860248603 +/- 1.56e-19]j ; tail main [-1.8798e-10 +/- 5.00e-15] + [-1.2759e-10 +/- 4.66e-15]j ; err [7.01e-13 +/- 1.41e-16])  (0s)
J_low = [0.00010458947 +/- 3.89e-12] + [-0.00031036831 +/- 6.81e-12]j  (quadrature [0.00010458947 +/- 3.86e-12] + [-0.00031036831 +/- 6.78e-12]j ; [0,eps] bound [3.13e-14 +/- 9.54e-18])  (59s)
J_high = [1.270824e-5 +/- 5.53e-12] + [-1.619578e-5 +/- 3.16e-12]j  (quadrature [1.270824e-5 +/- 5.53e-12] + [-1.619578e-5 +/- 3.16e-12]j ; [eta2,oo) bound [3.47e-20 +/- 3.61e-24])  (95s)

2 pi M(s) = [0.00021323572 +/- 5.74e-12] + [-0.00015247536 +/- 8.01e-12]j
DECISIVE: H_raw(t=7.7500) = [0.004927582 +/- 3.09e-10] + [+/- 1.03e-10]j   (imag part should contain 0: True)
          H(t) = C H_raw(t), C from H0_cert.json (sha 1723e5decb953dc6) = [880.66 +/- 3.16e-3]:  [4.3395 +/- 4.02e-5]
mid +- rad: Re H_raw(t) = 0.0049275821988990233754 +- 1.092e-10 ; Im = 5.8508e-15 +- 1.027e-10
total 95s
# exit code 0; wall time 94.6 s
