# command : python -u coefficients/cert_Ht.py 7.25
# env     : (COEFF_DATA, COEFF_EXTRA, NGL, NSUB not set)
# date    : 2026-10-07T22:05:45Z
# system  : Linux x86_64, 1 visible cores
# python  : 3.10.12 | python-flint 0.9.0 | mpmath 1.3.0
cert_Ht.py t=7.2500000000000000000000000000000000000000000000 eta1=1.0000000000000000000000000000000000000000000000 eta2=8.0000000000000000000000000000000000000000000000 eps=[1.0000000000000000000000000000000000000000000000e-8 +/- 1.02e-56] XP=2000 prec=160
input hashes: script 6be8f92c984d0357 ; an_small_X1e4.json 9858457072c991f3
   tighter small-n balls from an_smalln_X3e5.json aacbbba6df55c35d (X = 300000)
   tighter n<=2 balls from an_smalln_X6e5.json 963ef3cf0adef433 (X = 600000)
   a_1 = [4581.3706 +/- 7.35e-5] ; alpha_1 = [-55336.17835 +/- 6.99e-6]
Q(1) = [0.00038654331865273790912 +/- 9.58e-25]
Pint_s = [0.00016090647 +/- 2.17e-12] + [0.00017675949 +/- 5.04e-12]j   (quadrature: [0.000160906229942126 +/- 4.17e-19] + [0.000176759503873202 +/- 2.49e-19]j ; tail main [2.4155e-10 +/- 2.92e-15] + [-1.8234e-11 +/- 2.68e-16]j ; err [6.72e-13 +/- 3.81e-16])  (0s)
J_low = [0.00010298373 +/- 7.58e-12] + [-0.00039893035 +/- 7.31e-12]j  (quadrature [0.00010298373 +/- 7.55e-12] + [-0.00039893035 +/- 7.28e-12]j ; [0,eps] bound [3.13e-14 +/- 9.54e-18])  (58s)
J_high = [2.326308e-5 +/- 2.80e-12] + [-2.405076e-5 +/- 3.12e-12]j  (quadrature [2.326308e-5 +/- 2.80e-12] + [-2.405076e-5 +/- 3.12e-12]j ; [eta2,oo) bound [3.47e-20 +/- 3.61e-24])  (93s)

2 pi M(s) = [0.00028715328 +/- 7.45e-12] + [-0.00024622162 +/- 6.74e-12]j
DECISIVE: H_raw(t=7.2500) = [0.004088743 +/- 5.46e-10] + [+/- 8.42e-11]j   (imag part should contain 0: True)
          H(t) = C H_raw(t), C from H0_cert.json (sha 1723e5decb953dc6) = [880.66 +/- 3.16e-3]:  [3.60080 +/- 6.15e-6]
mid +- rad: Re H_raw(t) = 0.0040887434584255393844 +- 8.697e-11 ; Im = -1.9996e-15 +- 8.418e-11
total 93s
# exit code 0; wall time 93.6 s
