# command : python -u coefficients/cert_Ht.py 20.25
# env     : (COEFF_DATA, COEFF_EXTRA, NGL, NSUB not set)
# date    : 2026-10-07T22:07:20Z
# system  : Linux x86_64, 1 visible cores
# python  : 3.10.12 | python-flint 0.9.0 | mpmath 1.3.0
cert_Ht.py t=20.250000000000000000000000000000000000000000000 eta1=1.0000000000000000000000000000000000000000000000 eta2=8.0000000000000000000000000000000000000000000000 eps=[1.0000000000000000000000000000000000000000000000e-8 +/- 1.02e-56] XP=2000 prec=160
input hashes: script 6be8f92c984d0357 ; an_small_X1e4.json 9858457072c991f3
   tighter small-n balls from an_smalln_X3e5.json aacbbba6df55c35d (X = 300000)
   tighter n<=2 balls from an_smalln_X6e5.json 963ef3cf0adef433 (X = 600000)
   a_1 = [4581.3706 +/- 7.35e-5] ; alpha_1 = [-55336.17835 +/- 6.99e-6]
Q(1) = [3.0120962571777101506e-9 +/- 7.36e-30]
Pint_s = [8.88468e-6 +/- 2.28e-12] + [-7.60336e-6 +/- 2.23e-12]j   (quadrature: [8.88468740320143e-6 +/- 3.50e-21] + [-7.60327287840356e-6 +/- 5.96e-22]j ; tail main [-8.2639e-12 +/- 1.57e-17] + [-8.7933e-11 +/- 1.92e-16]j ; err [1.41e-12 +/- 3.87e-15])  (0s)
J_low = [-8.9413990e-6 +/- 5.71e-14] + [7.6329384e-6 +/- 6.28e-14]j  (quadrature [-8.941399025e-6 +/- 7.02e-16] + [7.632938431e-6 +/- 6.67e-16]j ; [0,eps] bound [3.13e-14 +/- 9.54e-18])  (66s)
J_high = [-1.241185e-10 +/- 1.65e-17] + [-2.141891e-10 +/- 3.03e-17]j  (quadrature [-1.241185e-10 +/- 1.65e-17] + [-2.141891e-10 +/- 3.02e-17]j ; [eta2,oo) bound [3.47e-20 +/- 3.61e-24])  (103s)

2 pi M(s) = [-5.684e-8 +/- 5.46e-12] + [2.936e-8 +/- 4.88e-12]j
DECISIVE: H_raw(t=20.250) = [14.159 +/- 4.39e-4] + [+/- 4.32e-4]j   (imag part should contain 0: True)
          H(t) = C H_raw(t), C from H0_cert.json (sha 1723e5decb953dc6) = [880.66 +/- 3.16e-3]:  [1.2469e+4 +/- 0.683]
mid +- rad: Re H_raw(t) = 14.158992206282639957 +- 4.312e-04 ; Im = -6.6042e-8 +- 4.312e-04
total 103s
# exit code 0; wall time 103.5 s
