# command : python -u coefficients/cert_Ht.py 0.75
# env     : (COEFF_DATA, COEFF_EXTRA, NGL, NSUB not set)
# date    : 2026-10-07T22:04:15Z
# system  : Linux x86_64, 1 visible cores
# python  : 3.10.12 | python-flint 0.9.0 | mpmath 1.3.0
cert_Ht.py t=0.75000000000000000000000000000000000000000000000 eta1=1.0000000000000000000000000000000000000000000000 eta2=8.0000000000000000000000000000000000000000000000 eps=[1.0000000000000000000000000000000000000000000000e-8 +/- 1.02e-56] XP=2000 prec=160
input hashes: script 6be8f92c984d0357 ; an_small_X1e4.json 9858457072c991f3
   tighter small-n balls from an_smalln_X3e5.json aacbbba6df55c35d (X = 300000)
   tighter n<=2 balls from an_smalln_X6e5.json 963ef3cf0adef433 (X = 600000)
   a_1 = [4581.3706 +/- 7.35e-5] ; alpha_1 = [-55336.17835 +/- 6.99e-6]
Q(1) = [0.023673015701081983700 +/- 1.57e-22]
Pint_s = [0.003125855492 +/- 4.69e-13] + [-0.000542482123 +/- 6.86e-13]j   (quadrature: [0.00312585443001217 +/- 4.75e-18] + [-0.000542481995816154 +/- 4.26e-19]j ; tail main [1.0618e-9 +/- 2.81e-14] + [-1.2681e-10 +/- 2.48e-15]j ; err [3.09e-13 +/- 1.79e-17])  (0s)
J_low = [-0.007971942 +/- 3.38e-10] + [0.01075810 +/- 5.03e-9]j  (quadrature [-0.007971942 +/- 3.38e-10] + [0.01075810 +/- 5.03e-9]j ; [0,eps] bound [3.13e-14 +/- 9.54e-18])  (54s)
J_high = [0.002568445 +/- 4.14e-10] + [-0.010604784 +/- 7.95e-10]j  (quadrature [0.002568445 +/- 4.14e-10] + [-0.010604784 +/- 7.95e-10]j ; [eta2,oo) bound [3.47e-20 +/- 3.61e-24])  (89s)

2 pi M(s) = [-0.002277642 +/- 6.93e-10] + [-0.00038917 +/- 1.33e-9]j
DECISIVE: H_raw(t=0.75000) = [0.001150533 +/- 3.78e-10] + [+/- 5.71e-10]j   (imag part should contain 0: True)
          H(t) = C H_raw(t), C from H0_cert.json (sha 1723e5decb953dc6) = [880.66 +/- 3.16e-3]:  [1.01323 +/- 2.21e-6]
mid +- rad: Re H_raw(t) = 0.0011505329144518514629 +- 2.920e-10 ; Im = 1.0909e-13 +- 5.705e-10
total 89s
# exit code 0; wall time 89.4 s
