# command : python -u coefficients/cert_H0.py 1.25 8 _eta1_1.25_crosscheck
# env     : (COEFF_DATA, COEFF_EXTRA, NGL, NSUB not set)
# date    : 2026-10-07T22:02:45Z
# system  : Linux x86_64, 1 visible cores
# python  : 3.10.12 | python-flint 0.9.0 | mpmath 1.3.0
cert_H0.py eta1=1.2500000000000000000000000000000000000000000000 eta2=8.0000000000000000000000000000000000000000000000 eps=[1.0000000000000000000000000000000000000000000000e-8 +/- 1.02e-56] XP=2000 prec=160
input hashes: script feda1a408b04b7ce ; an_small_X1e4.json 9858457072c991f3
   tighter small-n balls from an_smalln_X3e5.json aacbbba6df55c35d (X = 300000)
   tighter n<=2 balls from an_smalln_X6e5.json 963ef3cf0adef433 (X = 600000)
   a_1 = [4581.3706 +/- 7.35e-5] ; alpha_1 = [-55336.17835 +/- 6.99e-6]
Q(1) = [0.079060414424450298044 +/- 3.09e-22]
Pint = [0.003438015894 +/- 5.87e-13]   (quadrature [0,2000]: [0.0034380146987026206067 +/- 4.11e-23] ; tail [1.196e-9 +/- 6.90e-13])  (0s)
J_low = [-0.00830070 +/- 4.51e-9]  (quadrature [-0.00830070 +/- 4.51e-9] ; [0,eps] bound [3.13e-14 +/- 9.54e-18])  (67s)
J_high = [0.005689439 +/- 2.42e-10]  (quadrature [0.005689439 +/- 2.42e-10] ; [eta2,oo) bound [3.47e-20 +/- 3.61e-24])  (90s)

2 pi M[g](1/2) = [0.00082676 +/- 5.01e-9]
DECISIVE: H_raw(0) = [0.00113551 +/- 3.27e-9]   (> 0: True)  => SIGN COHERENCE (C > 0)
DECISIVE: C = 1/H_raw(0) = [880.66 +/- 4.10e-3]
DECISIVE: b_1 = C a_1 = [4.0346e+6 +/- 48.6]
A = C/(32 pi^4) = [0.28253 +/- 3.97e-6] ; G^(1) = pi^2 A = [2.7884 +/- 3.53e-5]  (> 0)
total 90s

mid +- rad:
  Pint       = 0.0034380158942994743691 +- 2.868e-13
  J_low      = -0.0083006975798366130257 +- 2.082e-09
  J_high     = 0.0056894388940022829325 +- 1.351e-10
  2 pi M     = 0.00082675720846514427592 +- 2.218e-09
  H_raw(0)   = 0.0011355097894920618273 +- 3.057e-09
  C          = 880.66171693801879883 +- 2.373e-03
  b_1        = 4034637.6574942972017 +- 1.090e+01
  A          = 0.28252679877914488316 +- 7.625e-07
  Ghat_S(1)  = 2.7884277366101741791 +- 7.525e-06
  A/b_1      = 7.0025321400859270174e-8 +- 4.110e-16
coefficients/out/H0_cert_eta1_1.25_crosscheck.json fixed 9 pairs
wrote coefficients/out/H0_cert_eta1_1.25_crosscheck.json sha 2f62854237b692e7
# exit code 0; wall time 90.5 s
