# command : python coefficients/compare_outputs.py
# env     : (COEFF_DATA, COEFF_EXTRA, NGL, NSUB not set)
# date    : 2026-10-08T11:22:50Z
# system  : Linux x86_64, 1 visible cores
# python  : 3.10.12 | python-flint 0.9.0 | mpmath 1.3.0
compare_outputs.py sha bece18d9663b415b
an_small_X1e4.json       pinned sha 59fe6e24647252db, fresh sha 9858457072c991f3 (byte-identical: False) ; 420 balls: 420 identical, 0 overlapping, 0 disjoint ; 0 other entries equal, 0 different ; 0 keys missing on one side ; ok: True
an_cert_X1e4.json        pinned sha 59d50f17db2199b1, fresh sha 47cbacc1f928d564 (byte-identical: False) ; 7560 balls: 7560 identical, 0 overlapping, 0 disjoint ; 1500 other entries equal, 0 different ; 0 keys missing on one side ; ok: True
extra_smalln_X3e5.json   pinned sha ff4b86318eed86f1, fresh sha ff4b86318eed86f1 (byte-identical: True) ; 6 balls: 6 identical, 0 overlapping, 0 disjoint ; 0 other entries equal, 0 different ; 0 keys missing on one side ; ok: True
DECISIVE: every certified ball of the fresh run is identical to (same midpoint string and radius) or overlaps the pinned ball (7986 balls: 7986 identical, 0 overlapping only) and all other entries agree: True

H0_cert.json (sha 1723e5decb953dc6, eta1 = 1.0000000000000000000000000000000000000000000000) vs H0_cert_eta1_1.25_crosscheck.json (sha 2f62854237b692e7, eta1 = 1.2500000000000000000000000000000000000000000000):
    Pint      0.00343801589429947436 +- 2.868e-13  |  0.00343801589429947436 +- 2.868e-13  overlap: True
    twopiM    0.00082675720846502564 +- 1.342e-09  |  0.00082675720846514427 +- 2.218e-09  overlap: True
    H_raw0    0.00113550979040155652 +- 1.854e-09  |  0.00113550978949206182 +- 3.057e-09  overlap: True
    C         880.661715507507324218 +- 1.441e-03  |  880.661716938018798828 +- 2.373e-03  overlap: True
    b1        4034637.65094059405558 +- 6.625e+00  |  4034637.65749429720167 +- 1.090e+01  overlap: True
    A         0.28252679831348359584 +- 4.636e-07  |  0.28252679877914488315 +- 7.625e-07  overlap: True
    Ghat_S_1  2.78842773474752902984 +- 4.577e-06  |  2.78842773661017417907 +- 7.525e-06  overlap: True
DECISIVE: the eta1 = 1.25 cross-check of cert_H0.py overlaps the eta1 = 1 run in all 7 split-independent values: True
# exit code 0; wall time 0.1 s
