# command : python coefficients/compare_window.py
# env     : (COEFF_DATA, COEFF_EXTRA, NGL, NSUB not set)
# date    : 2026-10-08T11:22:49Z
# system  : Linux x86_64, 1 visible cores
# python  : 3.10.12 | python-flint 0.9.0 | mpmath 1.3.0
compare_window.py sha 1ad7ecf99fd5295d ; window output window_0_40.json sha e438d51ec5bf0e17 (80 cells)
  t      | density route R(t)             | window certificate R(tc)    | overlap
   0.00 | [0.00140088 +/- 3.24e-9]       | (no cell centre)            |
   0.25 | [0.00219207 +/- 2.06e-9]       | [0.00219 +/- 2.95e-6]       | True
   0.75 | [0.01499255 +/- 4.57e-9]       | [0.01499 +/- 3.45e-6]       | True
   1.25 | [0.0763757 +/- 6.63e-8]        | [0.07638 +/- 5.29e-6]       | True
   1.75 | [0.2642515 +/- 2.94e-8]        | [0.26425 +/- 2.51e-6]       | True
   2.25 | [0.7125322 +/- 6.84e-8]        | [0.71253 +/- 3.26e-6]       | True
   2.75 | [1.635124 +/- 4.41e-7]         | [1.63512 +/- 5.55e-6]       | True
   3.25 | [3.364541 +/- 3.87e-7]         | [3.36454 +/- 2.66e-6]       | True
   3.75 | [6.412425 +/- 5.58e-7]         | [6.41242 +/- 6.14e-6]       | True
   4.25 | [11.563505 +/- 5.11e-7]        | [11.56351 +/- 6.64e-6]      | True
   4.75 | [20.021104 +/- 8.58e-7]        | [20.02110 +/- 5.95e-6]      | True
   5.25 | [33.63255 +/- 2.18e-6]         | [33.63255 +/- 4.24e-6]      | True
   5.75 | [55.23913 +/- 5.71e-6]         | [55.23913 +/- 8.12e-6]      | True
   6.25 | [89.22083 +/- 6.53e-6]         | [89.2208 +/- 3.94e-5]       | True
   6.75 | [142.34698 +/- 4.09e-6]        | [142.34698 +/- 7.46e-6]     | True
   7.25 | [225.10910 +/- 7.02e-6]        | [225.1091 +/- 1.10e-5]      | True
   7.75 | [353.81666 +/- 9.15e-6]        | [353.8167 +/- 5.07e-5]      | True
  10.25 | [3291.976 +/- 5.31e-4]         | [3291.9764 +/- 7.47e-5]     | True
  15.25 | [3.31164e+5 +/- 0.553]         | [331163.9 +/- 0.0501]       | True
  20.25 | [4.705e+7 +/- 4.90e+3]         | [4.705346e+7 +/- 2.25]      | True
  30.25 | [2.2e+12 +/- 2.91e+10]         | [2.2120548e+12 +/- 6.76e+4] | True
  39.75 | [1e+17 +/- 8.50e+16]           | [1.2287975e+17 +/- 3.09e+9] | True
DECISIVE: 21/21 compared points overlap: True
# exit code 0; wall time 0.1 s
