# command : python positivity/cert_moments_box.py 60 8 15 12 9 64 6
# env     : (COEFF_DATA, COEFF_EXTRA, NGL, NSUB not set)
# date    : 2026-10-08T18:43:56Z
# system  : Linux x86_64, 6 visible cores
# python  : 3.10.12 | python-flint 0.9.0 | mpmath 1.3.0
cert_moments_box.py N=60 n0=8 J=15 T=12 T_req=9 prec=64 ; hashes: script b7b795195be452fa cert_moments 22be4eba843685fa boxlib 3d42eb955f76f781 besselk 3d3fd6601742c49b ; an_cert_X1e4.json 59d50f17db2199b1 an_small_X1e4.json 59fe6e24647252db extra_smalln_X3e5.json ff4b86318eed86f1
box n=1: centre c_n = [4566.14520029 +/- 6.30e-10], half-width w_n = [140.952 +/- 6.19e-6] (relative 3.09e-02)
box n=2: centre c_n = [1025915.37129 +/- 3.97e-6], half-width w_n = [1435.59 +/- 4.13e-3] (relative 1.40e-03)
box n=3: centre c_n = [62588747.9790 +/- 3.98e-5], half-width w_n = [8853.97 +/- 3.16e-3] (relative 1.41e-04)
eps = max_{n0<n<=N} w_n/(c_n - w_n) = [1.7331e-8 +/- 1.33e-14]
centre node values: 2376 nodes (1s)
centre moments: M_0 = [0.000280 +/- 6.73e-7], M_2 = [3.245e-7 +/- 3.10e-11] ; single-term moments n=1: [1.508847966e-8 +/- 8.37e-20] [3.539352524e-11 +/- 2.50e-21]
[check] sum_{n<=n0} c_n M_0^(n) = [0.0001748923054 +/- 2.84e-14] <= M_0(centre) = [0.000280 +/- 6.73e-7] : True
box moment bound with M_0..M_2: lower bound of P_K(t; b) > 0 for every b in the box, on [0, 6.58593750]
box moment bound with M_0..M_6: lower bound of P_K(t; b) > 0 for every b in the box, on [0, 7.87109375]
box moment bound with M_0..M_10: lower bound of P_K(t; b) > 0 for every b in the box, on [0, 8.44921875]
box moment bound with M_0..M_14: lower bound of P_K(t; b) > 0 for every b in the box, on [0, 8.98828125]
box moment bound with M_0..M_18: lower bound of P_K(t; b) > 0 for every b in the box, on [0, 9.47265625]
box moment bound with M_0..M_22: lower bound of P_K(t; b) > 0 for every b in the box, on [0, 9.88671875]
box moment bound with M_0..M_26: lower bound of P_K(t; b) > 0 for every b in the box, on [0, 10.19531250]
box moment bound with M_0..M_30: lower bound of P_K(t; b) > 0 for every b in the box, on [0, 10.35546875]
DECISIVE (Certificate M-box, trivial Kloosterman bound only): P_K(t; b) > 0 for every b in the box, hence (b = a) F(t) = Xi(t)^2 H_raw(t) > 0 and H_raw(t) > 0, for |t| <= 10.35546875 (moments M_0..M_30) ; covers [0, 9]: True   (14s)
# exit code 0; wall time 14.4 s
