# command : python positivity/run_window.py 0 40 0.25 20 1 0_40
# env     : COEFF_EXTRA=coefficients/data/extra_smalln_X3e5.json
# date    : 2026-10-08T11:19:04Z
# system  : Linux x86_64, 8 visible cores
# python  : 3.10.12 | python-flint 0.9.0 | mpmath 1.3.0
run_window (all-Arb, m-node Gauss-Legendre bound) 0_40: [0, 40] d=0.25 K=20 rt=1 NGL=30 nsub=8, 80 cells (coverage verified in exact rationals); hashes {'poslib.py': '6d1830c291015d03', 'cert_window.py': '9f6e359deabc174b', 'run_window.py': 'f4e45fad77bd5b40', 'an_small_X1e4.json': '59fe6e24647252db', 'an_cert_X1e4.json': '59d50f17db2199b1', 'extra_smalln_X3e5.json': 'ff4b86318eed86f1'}
cell [0.0000, 0.5000]: R(tc)=[0.002192 +/- 9.41e-7]  lower=[0.00112926259401 +/- 1.26e-15]  ok=True  (cauchy [2.905e-10 +/- 1.71e-14] quad [2.208e-44 +/- 1.39e-48] ytail [7.503e-32 +/- 3.17e-36] ktail [2.572e-92 +/- 1.92e-96])
cell [0.5000, 1.0000]: R(tc)=[0.01499 +/- 3.44e-6]  lower=[0.00442625219826 +/- 3.36e-15]  ok=True  (cauchy [4.842e-10 +/- 2.92e-14] quad [4.787e-44 +/- 3.45e-48] ytail [1.235e-31 +/- 1.90e-35] ktail [3.018e-92 +/- 1.48e-96])
cell [1.0000, 1.5000]: R(tc)=[0.07638 +/- 5.28e-6]  lower=[0.0324402099421 +/- 1.77e-14]  ok=True  (cauchy [1.035e-9 +/- 3.12e-13] quad [1.568e-43 +/- 2.54e-47] ytail [3.059e-31 +/- 1.09e-35] ktail [4.197e-92 +/- 4.76e-96])
cell [1.5000, 2.0000]: R(tc)=[0.26425 +/- 2.50e-6]  lower=[0.140404850185 +/- 4.63e-13]  ok=True  (cauchy [2.089e-9 +/- 1.41e-13] quad [5.043e-43 +/- 4.56e-47] ytail [8.080e-31 +/- 3.36e-35] ktail [5.165e-92 +/- 1.02e-96])
cell [2.0000, 2.5000]: R(tc)=[0.71253 +/- 3.25e-6]  lower=[0.431255129798 +/- 1.27e-13]  ok=True  (cauchy [2.811e-9 +/- 2.17e-13] quad [1.566e-42 +/- 2.81e-46] ytail [2.102e-30 +/- 6.58e-35] ktail [4.023e-92 +/- 6.82e-97])
cell [2.5000, 3.0000]: R(tc)=[1.63512 +/- 5.54e-6]  lower=[1.07400385311 +/- 4.13e-13]  ok=True  (cauchy [3.636e-9 +/- 1.02e-13] quad [4.774e-42 +/- 7.84e-47] ytail [5.333e-30 +/- 1.35e-34] ktail [2.887e-92 +/- 6.25e-97])
cell [3.0000, 3.5000]: R(tc)=[3.36454 +/- 2.65e-6]  lower=[2.33412274087 +/- 2.21e-12]  ok=True  (cauchy [7.249e-9 +/- 1.10e-13] quad [1.449e-41 +/- 1.98e-45] ytail [1.324e-29 +/- 4.00e-33] ktail [3.081e-92 +/- 3.51e-97])
cell [3.5000, 4.0000]: R(tc)=[6.41242 +/- 6.13e-6]  lower=[4.62164181958 +/- 1.12e-12]  ok=True  (cauchy [8.426e-9 +/- 3.74e-13] quad [4.423e-41 +/- 6.23e-46] ytail [3.235e-29 +/- 2.21e-33] ktail [1.855e-92 +/- 3.37e-97])
cell [4.0000, 4.5000]: R(tc)=[11.56351 +/- 6.63e-6]  lower=[8.56608323683 +/- 3.13e-12]  ok=True  (cauchy [1.002e-8 +/- 4.42e-12] quad [1.370e-40 +/- 3.33e-44] ytail [7.800e-29 +/- 3.13e-34] ktail [1.111e-92 +/- 1.20e-96])
cell [4.5000, 5.0000]: R(tc)=[20.02110 +/- 5.94e-6]  lower=[15.1325734873 +/- 1.46e-11]  ok=True  (cauchy [1.014e-8 +/- 1.74e-12] quad [4.362e-40 +/- 4.32e-44] ytail [1.862e-28 +/- 1.57e-32] ktail [5.513e-93 +/- 4.75e-97])
cell [5.0000, 5.5000]: R(tc)=[33.63255 +/- 4.23e-6]  lower=[25.8016258431 +/- 1.97e-11]  ok=True  (cauchy [1.494e-8 +/- 3.94e-12] quad [1.448e-39 +/- 8.20e-44] ytail [4.411e-28 +/- 1.38e-32] ktail [3.900e-93 +/- 8.73e-98])
cell [5.5000, 6.0000]: R(tc)=[55.23913 +/- 8.11e-6]  lower=[42.8478881828 +/- 2.86e-11]  ok=True  (cauchy [2.076e-8 +/- 1.59e-12] quad [5.103e-39 +/- 2.44e-43] ytail [1.038e-27 +/- 2.52e-31] ktail [2.548e-93 +/- 3.64e-97])
cell [6.0000, 6.5000]: R(tc)=[89.22083 +/- 9.39e-6]  lower=[69.7733818606 +/- 1.63e-11]  ok=True  (cauchy [3.604e-8 +/- 1.21e-12] quad [1.937e-38 +/- 2.10e-42] ytail [2.431e-27 +/- 4.80e-31] ktail [2.044e-93 +/- 3.33e-97])
cell [6.5000, 7.0000]: R(tc)=[142.34698 +/- 7.45e-6]  lower=[111.982859417 +/- 4.57e-11]  ok=True  (cauchy [4.931e-8 +/- 1.90e-12] quad [7.965e-38 +/- 1.50e-42] ytail [5.671e-27 +/- 4.75e-31] ktail [1.271e-93 +/- 2.98e-97])
cell [7.0000, 7.5000]: R(tc)=[225.1091 +/- 1.09e-5]  lower=[177.840048301 +/- 3.65e-10]  ok=True  (cauchy [6.044e-8 +/- 4.32e-12] quad [3.527e-37 +/- 4.89e-41] ytail [1.318e-26 +/- 1.41e-30] ktail [6.985e-94 +/- 3.88e-98])
cell [7.5000, 8.0000]: R(tc)=[353.8167 +/- 5.06e-5]  lower=[280.325305170 +/- 4.27e-10]  ok=True  (cauchy [1.087e-7 +/- 3.15e-11] quad [1.658e-36 +/- 1.99e-40] ytail [3.054e-26 +/- 1.15e-30] ktail [5.558e-94 +/- 5.31e-99])
cell [8.0000, 8.5000]: R(tc)=[553.9042 +/- 5.88e-5]  lower=[439.646367872 +/- 4.18e-11]  ok=True  (cauchy [1.115e-7 +/- 5.00e-11] quad [8.127e-36 +/- 3.82e-40] ytail [7.059e-26 +/- 4.30e-30] ktail [2.494e-94 +/- 1.10e-98])
cell [8.5000, 9.0000]: R(tc)=[865.1687 +/- 2.66e-5]  lower=[687.365049272 +/- 6.92e-11]  ok=True  (cauchy [1.757e-7 +/- 3.34e-11] quad [4.096e-35 +/- 4.77e-40] ytail [1.628e-25 +/- 4.69e-29] ktail [1.702e-94 +/- 1.71e-99])
cell [9.0000, 9.5000]: R(tc)=[1350.0951 +/- 7.42e-5]  lower=[1072.94380025 +/- 2.61e-9]  ok=True  (cauchy [3.019e-7 +/- 4.53e-11] quad [2.100e-34 +/- 3.51e-38] ytail [3.750e-25 +/- 1.62e-29] ktail [1.255e-94 +/- 3.09e-98])
cell [9.5000, 10.0000]: R(tc)=[2107.1363 +/- 8.46e-5]  lower=[1674.16885901 +/- 1.43e-9]  ok=True  (cauchy [4.146e-7 +/- 1.82e-11] quad [1.087e-33 +/- 2.41e-37] ytail [8.621e-25 +/- 4.14e-29] ktail [7.325e-95 +/- 1.91e-100])
cell [10.0000, 10.5000]: R(tc)=[3291.9764 +/- 7.46e-5]  lower=[2613.80560929 +/- 3.00e-10]  ok=True  (cauchy [6.306e-7 +/- 3.09e-11] quad [5.663e-33 +/- 2.26e-38] ytail [1.980e-24 +/- 4.43e-28] ktail [4.699e-95 +/- 3.33e-99])
cell [10.5000, 11.0000]: R(tc)=[5151.693 +/- 3.32e-4]  lower=[4086.30816647 +/- 1.64e-9]  ok=True  (cauchy [8.674e-7 +/- 2.15e-11] quad [2.960e-32 +/- 4.75e-36] ytail [4.540e-24 +/- 2.88e-29] ktail [2.705e-95 +/- 7.11e-100])
cell [11.0000, 11.5000]: R(tc)=[8079.845 +/- 2.48e-4]  lower=[6400.80506881 +/- 5.78e-10]  ok=True  (cauchy [1.205e-6 +/- 1.51e-11] quad [1.550e-31 +/- 4.27e-35] ytail [1.040e-23 +/- 1.97e-27] ktail [1.562e-95 +/- 5.78e-100])
cell [11.5000, 12.0000]: R(tc)=[12705.603 +/- 5.72e-4]  lower=[10050.5228433 +/- 1.36e-8]  ok=True  (cauchy [2.063e-6 +/- 3.56e-10] quad [8.122e-31 +/- 1.43e-35] ytail [2.381e-23 +/- 1.94e-27] ktail [1.104e-95 +/- 1.65e-99])
cell [12.0000, 12.5000]: R(tc)=[20038.471 +/- 7.13e-4]  lower=[15825.2972032 +/- 1.75e-8]  ok=True  (cauchy [2.820e-6 +/- 4.83e-10] quad [4.259e-30 +/- 3.61e-34] ytail [5.447e-23 +/- 1.62e-27] ktail [6.192e-96 +/- 4.64e-100])
cell [12.5000, 13.0000]: R(tc)=[31704.062 +/- 7.04e-4]  lower=[24994.5379950 +/- 8.65e-9]  ok=True  (cauchy [4.134e-6 +/- 3.03e-11] quad [2.234e-29 +/- 4.10e-33] ytail [1.245e-22 +/- 1.08e-26] ktail [3.701e-96 +/- 3.16e-100])
cell [13.0000, 13.5000]: R(tc)=[50329.48 +/- 4.25e-3]  lower=[39605.7677007 +/- 2.78e-8]  ok=True  (cauchy [8.145e-6 +/- 2.39e-10] quad [1.172e-28 +/- 3.17e-32] ytail [2.845e-22 +/- 4.23e-26] ktail [2.957e-96 +/- 1.84e-100])
cell [13.5000, 14.0000]: R(tc)=[80175.37 +/- 5.01e-3]  lower=[62973.3486095 +/- 1.01e-8]  ok=True  (cauchy [1.279e-5 +/- 4.48e-9] quad [6.151e-28 +/- 1.31e-32] ytail [6.495e-22 +/- 4.44e-26] ktail [1.873e-96 +/- 2.62e-100])
cell [14.0000, 14.5000]: R(tc)=[128175.68 +/- 3.70e-3]  lower=[100481.160986 +/- 4.76e-7]  ok=True  (cauchy [1.730e-5 +/- 8.38e-10] quad [3.228e-27 +/- 4.52e-31] ytail [1.483e-21 +/- 4.56e-25] ktail [1.016e-96 +/- 4.52e-100])
cell [14.5000, 15.0000]: R(tc)=[205653.86 +/- 6.39e-3]  lower=[160905.107128 +/- 2.98e-7]  ok=True  (cauchy [3.231e-5 +/- 1.78e-10] quad [1.694e-26 +/- 4.89e-30] ytail [3.383e-21 +/- 4.96e-25] ktail [7.568e-97 +/- 4.20e-101])
cell [15.0000, 15.5000]: R(tc)=[331163.9 +/- 0.0500]  lower=[258598.890915 +/- 3.75e-7]  ok=True  (cauchy [5.617e-5 +/- 6.13e-11] quad [8.886e-26 +/- 2.25e-30] ytail [7.715e-21 +/- 2.44e-25] ktail [5.224e-97 +/- 2.31e-102])
cell [15.5000, 16.0000]: R(tc)=[535207.7 +/- 0.0175]  lower=[417117.625712 +/- 3.67e-7]  ok=True  (cauchy [7.409e-5 +/- 3.73e-9] quad [4.662e-25 +/- 2.15e-29] ytail [1.759e-20 +/- 4.88e-25] ktail [2.723e-97 +/- 3.64e-101])
cell [16.0000, 16.5000]: R(tc)=[868092.2 +/- 0.0388]  lower=[675243.057263 +/- 1.98e-7]  ok=True  (cauchy [0.0001348 +/- 4.55e-8] quad [2.446e-24 +/- 1.21e-28] ytail [4.010e-20 +/- 2.09e-24] ktail [1.949e-97 +/- 3.76e-102])
cell [16.5000, 17.0000]: R(tc)=[1413051.7 +/- 0.0502]  lower=[1097031.45766 +/- 1.93e-6]  ok=True  (cauchy [0.0002485 +/- 4.57e-8] quad [1.283e-23 +/- 3.71e-27] ytail [9.138e-20 +/- 3.68e-24] ktail [1.406e-97 +/- 6.86e-102])
cell [17.0000, 17.5000]: R(tc)=[2308227.7 +/- 0.0435]  lower=[1788617.81156 +/- 2.14e-6]  ok=True  (cauchy [0.0003281 +/- 7.16e-9] quad [6.733e-23 +/- 1.08e-27] ytail [2.082e-19 +/- 2.42e-23] ktail [7.239e-98 +/- 4.05e-102])
cell [17.5000, 18.0000]: R(tc)=[3783585.9 +/- 0.0845]  lower=[2926397.95227 +/- 6.09e-7]  ok=True  (cauchy [0.0006023 +/- 8.51e-9] quad [3.532e-22 +/- 3.90e-26] ytail [4.744e-19 +/- 2.63e-23] ktail [5.158e-98 +/- 2.41e-103])
cell [18.0000, 18.5000]: R(tc)=[6.223089e+6 +/- 0.325]  lower=[4804421.77910 +/- 3.93e-6]  ok=True  (cauchy [0.001123 +/- 1.69e-7] quad [1.853e-21 +/- 1.56e-25] ytail [1.081e-18 +/- 4.44e-22] ktail [3.717e-98 +/- 4.30e-102])
cell [18.5000, 19.0000]: R(tc)=[1.0269681e+7 +/- 0.459]  lower=[7914306.21789 +/- 3.86e-6]  ok=True  (cauchy [0.001505 +/- 1.44e-7] quad [9.722e-21 +/- 2.12e-25] ytail [2.461e-18 +/- 4.85e-23] ktail [1.919e-98 +/- 2.32e-102])
cell [19.0000, 19.5000]: R(tc)=[1.7003015e+7 +/- 0.404]  lower=[13080333.7779 +/- 2.94e-5]  ok=True  (cauchy [0.002869 +/- 2.44e-7] quad [5.100e-20 +/- 2.30e-25] ytail [5.605e-18 +/- 3.70e-22] ktail [1.403e-98 +/- 2.84e-102])
cell [19.5000, 20.0000]: R(tc)=[2.8241093e+7 +/- 0.903]  lower=[21688428.5202 +/- 4.56e-5]  ok=True  (cauchy [0.005157 +/- 3.50e-7] quad [2.675e-19 +/- 4.10e-23] ytail [1.276e-17 +/- 2.48e-21] ktail [9.636e-99 +/- 2.27e-104])
cell [20.0000, 20.5000]: R(tc)=[4.705346e+7 +/- 2.24]  lower=[36075209.8668 +/- 1.37e-5]  ok=True  (cauchy [0.007101 +/- 1.37e-7] quad [1.403e-18 +/- 4.64e-22] ytail [2.906e-17 +/- 3.80e-22] ktail [5.051e-99 +/- 3.09e-103])
cell [20.5000, 21.0000]: R(tc)=[7.863645e+7 +/- 2.40]  lower=[60190643.5147 +/- 3.08e-5]  ok=True  (cauchy [0.01430 +/- 2.59e-6] quad [7.362e-18 +/- 1.65e-22] ytail [6.616e-17 +/- 3.40e-21] ktail [3.858e-99 +/- 2.74e-103])
cell [21.0000, 21.5000]: R(tc)=[1.3180933e+8 +/- 4.41]  lower=[100729374.811 +/- 4.34e-4]  ok=True  (cauchy [0.02360 +/- 2.58e-6] quad [3.862e-17 +/- 7.72e-22] ytail [1.506e-16 +/- 3.41e-20] ktail [2.407e-99 +/- 4.51e-103])
cell [21.5000, 22.0000]: R(tc)=[2.2157781e+8 +/- 6.54]  lower=[169066719.097 +/- 2.84e-4]  ok=True  (cauchy [0.03369 +/- 1.99e-6] quad [2.026e-16 +/- 2.04e-20] ytail [3.429e-16 +/- 3.42e-20] ktail [1.295e-99 +/- 1.35e-104])
cell [22.0000, 22.5000]: R(tc)=[3.7353607e+8 +/- 8.65]  lower=[284579132.161 +/- 1.08e-4]  ok=True  (cauchy [0.07227 +/- 4.08e-6] quad [1.063e-15 +/- 3.69e-19] ytail [7.807e-16 +/- 5.63e-22] ktail [1.043e-99 +/- 2.80e-103])
cell [22.5000, 23.0000]: R(tc)=[6.314425e+8 +/- 53.4]  lower=[480351852.565 +/- 4.31e-4]  ok=True  (cauchy [0.1042 +/- 9.03e-6] quad [5.574e-15 +/- 2.92e-20] ytail [1.777e-15 +/- 2.41e-19] ktail [5.631e-100 +/- 9.99e-105])
cell [23.0000, 23.5000]: R(tc)=[1.0702853e+9 +/- 49.0]  lower=[813011151.646 +/- 3.38e-4]  ok=True  (cauchy [0.1847 +/- 1.90e-5] quad [2.924e-14 +/- 2.39e-18] ytail [4.046e-15 +/- 2.36e-19] ktail [3.726e-100 +/- 1.33e-104])
cell [23.5000, 24.0000]: R(tc)=[1.8188626e+9 +/- 62.0]  lower=[1379697630.64 +/- 2.37e-3]  ok=True  (cauchy [0.3558 +/- 2.92e-5] quad [1.534e-13 +/- 3.91e-17] ytail [9.210e-15 +/- 2.12e-19] ktail [2.671e-100 +/- 4.35e-104])
cell [24.0000, 24.5000]: R(tc)=[3.0988864e+9 +/- 96.5]  lower=[2347427594.34 +/- 1.32e-4]  ok=True  (cauchy [0.4970 +/- 2.78e-6] quad [8.044e-13 +/- 2.10e-17] ytail [2.097e-14 +/- 4.96e-18] ktail [1.384e-100 +/- 1.49e-104])
cell [24.5000, 25.0000]: R(tc)=[5.292837e+9 +/- 1.59e+2]  lower=[4003986597.14 +/- 2.62e-3]  ok=True  (cauchy [1.041 +/- 2.34e-4] quad [4.219e-12 +/- 3.76e-16] ytail [4.772e-14 +/- 4.45e-18] ktail [1.073e-100 +/- 4.47e-104])
cell [25.0000, 25.5000]: R(tc)=[9.061936e+9 +/- 3.43e+2]  lower=[6846319957.80 +/- 3.51e-3]  ok=True  (cauchy [1.630 +/- 1.88e-4] quad [2.213e-11 +/- 1.43e-15] ytail [1.086e-13 +/- 3.93e-17] ktail [6.195e-101 +/- 3.87e-106])
cell [25.5000, 26.0000]: R(tc)=[1.5551644e+10 +/- 5.23e+2]  lower=[11734343333.3 +/- 0.0447]  ok=True  (cauchy [2.681 +/- 1.75e-4] quad [1.161e-10 +/- 1.74e-14] ytail [2.473e-13 +/- 6.15e-18] ktail [3.748e-101 +/- 2.23e-105])
cell [26.0000, 26.5000]: R(tc)=[2.6750296e+10 +/- 7.99e+2]  lower=[20159097842.2 +/- 9.46e-3]  ok=True  (cauchy [5.443 +/- 1.69e-4] quad [6.089e-10 +/- 3.40e-14] ytail [5.630e-13 +/- 2.82e-17] ktail [2.793e-101 +/- 3.24e-105])
cell [26.5000, 27.0000]: R(tc)=[4.6116121e+10 +/- 8.92e+2]  lower=[34711117505.4 +/- 0.0284]  ok=True  (cauchy [7.645 +/- 1.83e-4] quad [3.194e-9 +/- 4.54e-13] ytail [1.282e-12 +/- 4.28e-16] ktail [1.436e-101 +/- 4.01e-105])
cell [27.0000, 27.5000]: R(tc)=[7.967546e+10 +/- 4.46e+3]  lower=[59899971671.7 +/- 6.74e-3]  ok=True  (cauchy [16.26 +/- 7.28e-4] quad [1.675e-8 +/- 2.76e-13] ytail [2.917e-12 +/- 4.63e-16] ktail [1.115e-101 +/- 2.48e-105])
cell [27.5000, 28.0000]: R(tc)=[1.3794965e+11 +/- 2.59e+3]  lower=[1.03590822080e+11 +/- 0.0966]  ok=True  (cauchy [24.96 +/- 1.06e-3] quad [8.786e-8 +/- 4.72e-12] ytail [6.642e-12 +/- 3.79e-16] ktail [6.233e-102 +/- 7.26e-107])
cell [28.0000, 28.5000]: R(tc)=[2.3934155e+11 +/- 7.58e+3]  lower=[1.79526884654e+11 +/- 0.377]  ok=True  (cauchy [44.30 +/- 1.07e-3] quad [4.608e-7 +/- 1.24e-12] ytail [1.512e-11 +/- 5.67e-17] ktail [4.019e-102 +/- 2.17e-106])
cell [28.5000, 29.0000]: R(tc)=[4.1609759e+11 +/- 7.45e+3]  lower=[3.11766143097e+11 +/- 0.395]  ok=True  (cauchy [85.61 +/- 1.17e-3] quad [2.417e-6 +/- 1.36e-10] ytail [3.442e-11 +/- 1.84e-15] ktail [2.816e-102 +/- 3.55e-106])
cell [29.0000, 29.5000]: R(tc)=[7.248209e+11 +/- 1.41e+4]  lower=[5.42497932967e+11 +/- 0.354]  ok=True  (cauchy [122.3 +/- 0.0445] quad [1.268e-5 +/- 3.75e-9] ytail [7.837e-11 +/- 4.25e-15] ktail [1.454e-102 +/- 3.08e-106])
cell [29.5000, 30.0000]: R(tc)=[1.2650398e+12 +/- 1.94e+4]  lower=[9.45836524067e+11 +/- 0.0192]  ok=True  (cauchy [270.6 +/- 0.0372] quad [6.649e-5 +/- 4.43e-9] ytail [1.784e-10 +/- 1.34e-14] ktail [1.162e-102 +/- 1.69e-106])
cell [30.0000, 30.5000]: R(tc)=[2.2120548e+12 +/- 6.75e+4]  lower=[1.65220074641e+12 +/- 4.09]  ok=True  (cauchy [381.3 +/- 9.91e-3] quad [0.0003487 +/- 7.93e-9] ytail [4.062e-10 +/- 2.41e-15] ktail [5.894e-103 +/- 4.45e-107])
cell [30.5000, 31.0000]: R(tc)=[3.8751341e+12 +/- 8.25e+4]  lower=[2.89147111558e+12 +/- 0.756]  ok=True  (cauchy [801.8 +/- 0.0249] quad [0.001829 +/- 8.21e-8] ytail [9.248e-10 +/- 1.90e-14] ktail [4.454e-103 +/- 6.29e-108])
cell [31.0000, 31.5000]: R(tc)=[6.800773e+12 +/- 4.57e+5]  lower=[5.06950376915e+12 +/- 4.98]  ok=True  (cauchy [1.324e+3 +/- 0.298] quad [0.009592 +/- 3.45e-7] ytail [2.106e-9 +/- 3.53e-13] ktail [2.637e-103 +/- 4.01e-108])
cell [31.5000, 32.0000]: R(tc)=[1.1956190e+13 +/- 4.02e+5]  lower=[8.90398597073e+12 +/- 3.70]  ok=True  (cauchy [2.257e+3 +/- 0.144] quad [0.05031 +/- 9.18e-8] ytail [4.794e-9 +/- 2.88e-13] ktail [1.609e-103 +/- 8.59e-108])
cell [32.0000, 32.5000]: R(tc)=[2.1055863e+13 +/- 6.15e+5]  lower=[1.56660100997e+13 +/- 16.0]  ok=True  (cauchy [4.497e+3 +/- 0.194] quad [0.2639 +/- 3.58e-5] ytail [1.092e-8 +/- 3.79e-12] ktail [1.145e-103 +/- 1.83e-107])
cell [32.5000, 33.0000]: R(tc)=[3.7143465e+13 +/- 6.62e+5]  lower=[2.76102502868e+13 +/- 41.1]  ok=True  (cauchy [6.465e+3 +/- 0.191] quad [1.384 +/- 9.60e-5] ytail [2.486e-8 +/- 4.07e-12] ktail [5.870e-104 +/- 3.44e-108])
cell [33.0000, 33.5000]: R(tc)=[6.563037e+13 +/- 5.70e+6]  lower=[4.87420681761e+13 +/- 27.7]  ok=True  (cauchy [1.456e+4 +/- 3.23] quad [7.258 +/- 2.16e-4] ytail [5.660e-8 +/- 2.43e-12] ktail [4.703e-104 +/- 3.66e-108])
cell [33.5000, 34.0000]: R(tc)=[1.1615153e+14 +/- 1.76e+6]  lower=[8.61873321657e+13 +/- 47.4]  ok=True  (cauchy [2.077e+4 +/- 0.501] quad [38.07 +/- 2.69e-3] ytail [1.289e-7 +/- 2.31e-11] ktail [2.383e-104 +/- 2.47e-108])
cell [34.0000, 34.5000]: R(tc)=[2.0588636e+14 +/- 5.06e+6]  lower=[1.52641820371e+14 +/- 1.45e+2]  ok=True  (cauchy [4.547e+4 +/- 0.991] quad [199.7 +/- 0.0483] ytail [2.935e-7 +/- 3.10e-11] ktail [1.850e-104 +/- 2.96e-108])
cell [34.5000, 35.0000]: R(tc)=[3.6550921e+14 +/- 5.70e+6]  lower=[2.70756876542e+14 +/- 4.45e+2]  ok=True  (cauchy [6.723e+4 +/- 1.30] quad [1.047e+3 +/- 0.112] ytail [6.683e-7 +/- 1.95e-11] ktail [9.680e-105 +/- 3.71e-109])
cell [35.0000, 35.5000]: R(tc)=[6.498650e+14 +/- 1.95e+7]  lower=[4.81002180480e+14 +/- 1.81]  ok=True  (cauchy [1.382e+5 +/- 6.28] quad [5.492e+3 +/- 0.248] ytail [1.522e-6 +/- 1.75e-10] ktail [7.030e-105 +/- 4.52e-109])
cell [35.5000, 36.0000]: R(tc)=[1.1571469e+15 +/- 5.01e+7]  lower=[8.55780500854e+14 +/- 99.0]  ok=True  (cauchy [2.359e+5 +/- 10.1] quad [2.880e+4 +/- 2.36] ytail [3.466e-6 +/- 3.86e-10] ktail [4.233e-105 +/- 4.26e-109])
cell [36.0000, 36.5000]: R(tc)=[2.0633897e+15 +/- 7.92e+7]  lower=[1.52479748932e+15 +/- 4.86e+3]  ok=True  (cauchy [4.124e+5 +/- 39.1] quad [1.511e+5 +/- 42.0] ytail [7.892e-6 +/- 3.23e-10] ktail [2.605e-105 +/- 1.76e-109])
cell [36.5000, 37.0000]: R(tc)=[3.6845863e+15 +/- 8.21e+7]  lower=[2.72071761493e+15 +/- 3.02e+3]  ok=True  (cauchy [8.046e+5 +/- 25.6] quad [7.922e+5 +/- 43.3] ytail [1.797e-5 +/- 3.74e-9] ktail [1.787e-105 +/- 3.35e-111])
cell [37.0000, 37.5000]: R(tc)=[6.588683e+15 +/- 1.80e+8]  lower=[4.86142713967e+15 +/- 2.96e+3]  ok=True  (cauchy [1.229e+6 +/- 71.7] quad [4.155e+6 +/- 10.2] ytail [4.093e-5 +/- 3.69e-9] ktail [9.582e-106 +/- 2.76e-110])
cell [37.5000, 38.0000]: R(tc)=[1.1797745e+16 +/- 3.14e+8]  lower=[8.69843245020e+15 +/- 2.26e+3]  ok=True  (cauchy [2.685e+6 +/- 4.35e+2] quad [2.179e+7 +/- 1.38e+3] ytail [9.322e-5 +/- 4.93e-9] ktail [7.337e-106 +/- 6.26e-111])
cell [38.0000, 38.5000]: R(tc)=[2.1153312e+16 +/- 5.23e+8]  lower=[1.55848770900e+16 +/- 1.88e+4]  ok=True  (cauchy [3.874e+6 +/- 12.8] quad [1.143e+8 +/- 1.32e+4] ytail [0.0002123 +/- 2.04e-8] ktail [3.704e-106 +/- 3.26e-110])
cell [38.5000, 39.0000]: R(tc)=[3.7977428e+16 +/- 8.18e+8]  lower=[2.79601548787e+16 +/- 4.62e+4]  ok=True  (cauchy [8.828e+6 +/- 98.9] quad [5.994e+8 +/- 1.41e+4] ytail [0.0004836 +/- 2.96e-8] ktail [2.949e-106 +/- 9.07e-111])
cell [39.0000, 39.5000]: R(tc)=[6.826997e+16 +/- 3.35e+9]  lower=[5.02271515560e+16 +/- 3.17e+4]  ok=True  (cauchy [1.275e+7 +/- 2.83e+3] quad [3.144e+9 +/- 4.81e+5] ytail [0.001101 +/- 3.77e-7] ktail [1.486e-106 +/- 4.28e-110])
cell [39.5000, 40.0000]: R(tc)=[1.2287975e+17 +/- 3.08e+9]  lower=[9.03419817418e+16 +/- 3.11e+4]  ok=True  (cauchy [2.878e+7 +/- 4.80e+3] quad [1.649e+10 +/- 3.64e+6] ytail [0.002509 +/- 4.66e-7] ktail [1.168e-106 +/- 3.14e-110])
DECISIVE: R(t) > 0 on [0, 40] (all 80 cells certified): True   (31s)
# exit code 0; wall time 31.2 s
