# command : LEAN_NUM_THREADS=4 taskset -c 10-13 lake build   (fresh build of Part I's spine, fetched at tag v1.3, and of PositivityRigidityII)
# date    : 2026-10-08T17:44:30Z
# toolchain: leanprover/lean4:v4.33.0-rc2; Mathlib 51e6992efd06126df61a496bebf8f49482a4e129; Zeta23 fbdc36bbf17d20af3fd0447c6d1a8a02773c9844; Part I spine at commit 5bed664909d161fb148a0232e715f55f9a520f1b
# Mathlib and the imported Zeta23 modules were prebuilt (replayed, nothing rebuilt); their replay lines are omitted.
# Part I's spine lines are those of its fresh build at tag v1.3; PositivityRigidityII was then rebuilt with NoGap.lean.
✔ [8756/8794] Built PositivityRigidity.PosCert (31s)
✔ [8757/8794] Built PositivityRigidity.Basic (32s)
✔ [8758/8794] Built PositivityRigidity.CertDefs (6.5s)
✔ [8759/8794] Built PositivityRigidity.Atoms (6.5s)
✔ [8760/8794] Built PositivityRigidity.EFCheck (7.0s)
✔ [8761/8794] Built PositivityRigidity.Sanity (7.7s)
✔ [8762/8794] Built PositivityRigidity.FamilyDefs (3.9s)
✔ [8763/8794] Built PositivityRigidity.BRSDefs (4.2s)
✔ [8764/8794] Built PositivityRigidity.ExtrasDefs (3.8s)
✔ [8765/8794] Built PositivityRigidity.Ledger (4.6s)
✔ [8766/8794] Built PositivityRigidity.Zeta (5.8s)
✔ [8767/8794] Built PositivityRigidity.Duality (6.9s)
✔ [8768/8794] Built PositivityRigidity.PZeta (5.5s)
✔ [8769/8794] Built PositivityRigidity.Criticality (5.5s)
✔ [8770/8794] Built PositivityRigidity.Logic (4.9s)
✔ [8771/8794] Built PositivityRigidity.Family (7.0s)
✔ [8772/8794] Built PositivityRigidity.Faithful (13s)
✔ [8773/8794] Built PositivityRigidity.Certified (7.4s)
✔ [8774/8794] Built PositivityRigidity.BRSValues (6.2s)
✔ [8775/8794] Built PositivityRigidity.Convexity (6.9s)
✔ [8776/8794] Built PositivityRigidity.Uniqueness (4.7s)
✔ [8777/8794] Built PositivityRigidity.Criterion (5.5s)
✔ [8778/8794] Built PositivityRigidity.CountableExtras (5.7s)
✔ [8779/8794] Built PositivityRigidity.Conjectures (6.2s)
✔ [8780/8794] Built PositivityRigidity.FamilyMore (7.2s)
✔ [8781/8794] Built PositivityRigidity.ZeroSupport (5.0s)
✔ [8782/8794] Built PositivityRigidity.CriterionWeak (5.5s)
✔ [8783/8794] Built PositivityRigidity.ExactMember (5.7s)
✔ [8784/8794] Built PositivityRigidity.NearRigidity (4.3s)
✔ [8785/8794] Built PositivityRigidity.Main (4.6s)
✔ [8786/8794] Built PositivityRigidity (3.8s)
✔ [8789/8797] Built PositivityRigidityII.Defs (4.0s)
✔ [8790/8797] Built PositivityRigidityII.Ledger (3.8s)
✔ [8791/8797] Built PositivityRigidityII.Faithful (5.2s)
✔ [8792/8797] Built PositivityRigidityII.Reduction (5.1s)
✔ [8793/8797] Built PositivityRigidityII.Object (4.3s)
✔ [8794/8797] Built PositivityRigidityII.Main (4.2s)
✔ [8795/8797] Built PositivityRigidityII.NoGap (5.6s)
✔ [8796/8797] Built PositivityRigidityII (4.1s)
Build completed successfully (8797 jobs).
